// Jest Snapshot v1, https://goo.gl/fbAQLP

exports[`Edit workout renders 1`] = `
<View
  style={
    Object {
      "flex": 1,
    }
  }
>
  <View
    appearance="default"
    level="1"
    style={
      Array [
        Object {
          "backgroundColor": "#FFFFFF",
        },
        Object {
          "alignItems": "center",
          "flex": 1,
          "flexDirection": "row",
          "marginTop": 25,
        },
      ]
    }
  >
    <View
      appearance="default"
      level="1"
      style={
        Array [
          Object {
            "backgroundColor": "#FFFFFF",
          },
          Object {
            "alignItems": "flex-start",
            "flex": 3,
            "marginBottom": 40,
            "marginLeft": 20,
          },
        ]
      }
    >
      <Text
        appearance="default"
        category="s1"
        style={
          Array [
            Object {
              "color": "#222B45",
              "fontFamily": "System",
              "fontSize": 15,
              "fontWeight": "600",
            },
            Object {
              "fontSize": 86.71000000000001,
              "fontWeight": "bold",
              "marginLeft": 15,
            },
          ]
        }
      >
        Edit
      </Text>
      <Text
        appearance="hint"
        category="p1"
        style={
          Array [
            Object {
              "color": "#8F9BB3",
              "fontFamily": "System",
              "fontSize": 15,
              "fontWeight": "400",
            },
            Object {
              "fontSize": 60.03,
              "marginLeft": 15,
              "textAlign": "center",
            },
          ]
        }
      >
        Workout
      </Text>
    </View>
    <View
      appearance="default"
      level="1"
      style={
        Array [
          Object {
            "backgroundColor": "#FFFFFF",
          },
          Object {
            "alignSelf": "flex-start",
            "flex": 1,
            "flexDirection": "row",
            "justifyContent": "flex-end",
            "marginRight": 5,
          },
        ]
      }
    >
      <View
        accessible={true}
        focusable={true}
        onClick={[Function]}
        onResponderGrant={[Function]}
        onResponderMove={[Function]}
        onResponderRelease={[Function]}
        onResponderTerminate={[Function]}
        onResponderTerminationRequest={[Function]}
        onStartShouldSetResponder={[Function]}
        style={
          Object {
            "height": 93.38000000000001,
            "marginRight": 15,
            "marginTop": 16.008,
            "opacity": 1,
            "width": 105.00000000000001,
          }
        }
      >
        <Image
          source={1}
          style={
            Object {
              "height": 93.38000000000001,
              "marginRight": 15,
              "marginTop": 16.008,
              "width": 105.00000000000001,
            }
          }
        />
      </View>
    </View>
  </View>
  <View
    appearance="default"
    level="1"
    style={
      Array [
        Object {
          "backgroundColor": "#FFFFFF",
        },
        Object {
          "alignItems": "center",
          "flex": 3,
          "justifyContent": "flex-start",
        },
      ]
    }
  >
    <View
      appearance="default"
      level="1"
      style={
        Array [
          Object {
            "backgroundColor": "#FFFFFF",
          },
          Object {
            "alignItems": "center",
            "flexDirection": "row",
          },
        ]
      }
    />
  </View>
</View>
`;
