// Jest Snapshot v1, https://goo.gl/fbAQLP

exports[`Home renders 1`] = `
<View>
  <View
    style={
      Object {
        "flex": 1,
      }
    }
  >
    <View
      appearance="default"
      level="1"
      style={
        Array [
          Object {
            "backgroundColor": "#FFFFFF",
          },
          Object {
            "alignItems": "center",
            "flex": 1,
            "flexDirection": "row",
            "marginTop": 26.68,
          },
        ]
      }
    >
      <View
        appearance="default"
        level="1"
        style={
          Array [
            Object {
              "backgroundColor": "#FFFFFF",
            },
            Object {
              "alignItems": "flex-start",
              "flex": 3,
              "marginBottom": 26.68,
              "marginLeft": 15,
            },
          ]
        }
      >
        <Text
          appearance="default"
          category="s1"
          style={
            Array [
              Object {
                "color": "#222B45",
                "fontFamily": "System",
                "fontSize": 15,
                "fontWeight": "600",
              },
              Object {
                "fontSize": 86.71000000000001,
                "fontWeight": "bold",
                "marginLeft": 15,
              },
            ]
          }
        >
          Personal
        </Text>
        <Text
          appearance="hint"
          category="p1"
          style={
            Array [
              Object {
                "color": "#8F9BB3",
                "fontFamily": "System",
                "fontSize": 15,
                "fontWeight": "400",
              },
              Object {
                "fontSize": 60.03,
                "marginLeft": 15,
                "textAlign": "center",
              },
            ]
          }
        >
          Workouts
        </Text>
      </View>
      <View
        appearance="default"
        level="1"
        style={
          Array [
            Object {
              "backgroundColor": "#FFFFFF",
            },
            Object {
              "alignSelf": "flex-start",
              "flex": 1,
              "flexDirection": "row",
              "justifyContent": "flex-end",
              "marginRight": 3.75,
            },
          ]
        }
      >
        <View
          accessible={true}
          focusable={true}
          onClick={[Function]}
          onResponderGrant={[Function]}
          onResponderMove={[Function]}
          onResponderRelease={[Function]}
          onResponderTerminate={[Function]}
          onResponderTerminationRequest={[Function]}
          onStartShouldSetResponder={[Function]}
          style={
            Object {
              "height": 93.38000000000001,
              "marginRight": 15,
              "marginTop": 16.008,
              "opacity": 1,
              "width": 105.00000000000001,
            }
          }
        >
          <Image
            source={1}
            style={
              Object {
                "height": 93.38000000000001,
                "marginRight": 15,
                "marginTop": 16.008,
                "width": 105.00000000000001,
              }
            }
          />
        </View>
      </View>
    </View>
    <View
      appearance="default"
      level="1"
      style={
        Array [
          Object {
            "backgroundColor": "#FFFFFF",
          },
          Object {
            "alignItems": "center",
            "flex": 3,
            "justifyContent": "center",
            "marginHorizontal": 15,
          },
        ]
      }
    >
      <View
        appearance="default"
        level="1"
        style={
          Array [
            Object {
              "backgroundColor": "#FFFFFF",
            },
            Object {
              "flex": 1,
              "marginTop": -44.022000000000006,
            },
          ]
        }
      >
        <RCTScrollView
          data={
            Array [
              Object {
                "key": "Workout 1",
                "name": 1,
              },
              Object {
                "key": "Workout 2",
                "name": 1,
              },
              Object {
                "key": "Workout 3",
                "name": 1,
              },
            ]
          }
          disableVirtualization={false}
          getItem={[Function]}
          getItemCount={[Function]}
          horizontal={true}
          initialNumToRender={10}
          keyExtractor={[Function]}
          maxToRenderPerBatch={10}
          onContentSizeChange={[Function]}
          onEndReachedThreshold={2}
          onLayout={[Function]}
          onMomentumScrollEnd={[Function]}
          onScroll={[Function]}
          onScrollBeginDrag={[Function]}
          onScrollEndDrag={[Function]}
          removeClippedSubviews={false}
          renderItem={[Function]}
          scrollEventThrottle={50}
          stickyHeaderIndices={Array []}
          updateCellsBatchingPeriod={50}
          viewabilityConfigCallbackPairs={Array []}
          windowSize={21}
        >
          <View>
            <View
              onLayout={[Function]}
              style={
                Array [
                  Object {
                    "flexDirection": "row",
                  },
                  null,
                ]
              }
            >
              <View
                accessible={true}
                focusable={true}
                onClick={[Function]}
                onResponderGrant={[Function]}
                onResponderMove={[Function]}
                onResponderRelease={[Function]}
                onResponderTerminate={[Function]}
                onResponderTerminationRequest={[Function]}
                onStartShouldSetResponder={[Function]}
                style={
                  Object {
                    "alignItems": "center",
                    "borderColor": "white",
                    "borderRadius": 40,
                    "borderWidth": 5,
                    "height": 466.9,
                    "justifyContent": "center",
                    "marginBottom": 20.009999999999998,
                    "opacity": 1,
                    "width": 397.5,
                  }
                }
              >
                <View
                  appearance="default"
                  level="1"
                  style={
                    Array [
                      Object {
                        "backgroundColor": "#FFFFFF",
                      },
                      Object {
                        "alignItems": "center",
                        "borderColor": "white",
                        "borderRadius": 40,
                        "borderWidth": 5,
                        "height": 466.9,
                        "justifyContent": "center",
                        "marginBottom": 20.009999999999998,
                        "width": 397.5,
                      },
                    ]
                  }
                >
                  <View
                    accessibilityIgnoresInvertColors={true}
                    style={
                      Object {
                        "alignItems": "center",
                        "alignSelf": "stretch",
                        "borderRadius": 75,
                        "flex": 1,
                        "justifyContent": "flex-end",
                        "opacity": 0.9,
                        "overflow": "hidden",
                        "resizeMode": "cover",
                      }
                    }
                  >
                    <Image
                      source={1}
                      style={
                        Array [
                          Object {
                            "bottom": 0,
                            "left": 0,
                            "position": "absolute",
                            "right": 0,
                            "top": 0,
                          },
                          Object {
                            "height": undefined,
                            "width": undefined,
                          },
                          undefined,
                        ]
                      }
                    />
                    <Text
                      appearance="default"
                      category="p1"
                      style={
                        Array [
                          Object {
                            "color": "#222B45",
                            "fontFamily": "System",
                            "fontSize": 15,
                            "fontWeight": "400",
                          },
                          Object {
                            "color": "white",
                            "fontSize": 30,
                            "fontWeight": "bold",
                          },
                        ]
                      }
                    >
                      Workout 1
                    </Text>
                  </View>
                </View>
              </View>
            </View>
            <View
              onLayout={[Function]}
              style={
                Array [
                  Object {
                    "flexDirection": "row",
                  },
                  null,
                ]
              }
            >
              <View
                accessible={true}
                focusable={true}
                onClick={[Function]}
                onResponderGrant={[Function]}
                onResponderMove={[Function]}
                onResponderRelease={[Function]}
                onResponderTerminate={[Function]}
                onResponderTerminationRequest={[Function]}
                onStartShouldSetResponder={[Function]}
                style={
                  Object {
                    "alignItems": "center",
                    "borderColor": "white",
                    "borderRadius": 40,
                    "borderWidth": 5,
                    "height": 466.9,
                    "justifyContent": "center",
                    "marginBottom": 20.009999999999998,
                    "opacity": 1,
                    "width": 397.5,
                  }
                }
              >
                <View
                  appearance="default"
                  level="1"
                  style={
                    Array [
                      Object {
                        "backgroundColor": "#FFFFFF",
                      },
                      Object {
                        "alignItems": "center",
                        "borderColor": "white",
                        "borderRadius": 40,
                        "borderWidth": 5,
                        "height": 466.9,
                        "justifyContent": "center",
                        "marginBottom": 20.009999999999998,
                        "width": 397.5,
                      },
                    ]
                  }
                >
                  <View
                    accessibilityIgnoresInvertColors={true}
                    style={
                      Object {
                        "alignItems": "center",
                        "alignSelf": "stretch",
                        "borderRadius": 75,
                        "flex": 1,
                        "justifyContent": "flex-end",
                        "opacity": 0.9,
                        "overflow": "hidden",
                        "resizeMode": "cover",
                      }
                    }
                  >
                    <Image
                      source={1}
                      style={
                        Array [
                          Object {
                            "bottom": 0,
                            "left": 0,
                            "position": "absolute",
                            "right": 0,
                            "top": 0,
                          },
                          Object {
                            "height": undefined,
                            "width": undefined,
                          },
                          undefined,
                        ]
                      }
                    />
                    <Text
                      appearance="default"
                      category="p1"
                      style={
                        Array [
                          Object {
                            "color": "#222B45",
                            "fontFamily": "System",
                            "fontSize": 15,
                            "fontWeight": "400",
                          },
                          Object {
                            "color": "white",
                            "fontSize": 30,
                            "fontWeight": "bold",
                          },
                        ]
                      }
                    >
                      Workout 2
                    </Text>
                  </View>
                </View>
              </View>
            </View>
            <View
              onLayout={[Function]}
              style={
                Array [
                  Object {
                    "flexDirection": "row",
                  },
                  null,
                ]
              }
            >
              <View
                accessible={true}
                focusable={true}
                onClick={[Function]}
                onResponderGrant={[Function]}
                onResponderMove={[Function]}
                onResponderRelease={[Function]}
                onResponderTerminate={[Function]}
                onResponderTerminationRequest={[Function]}
                onStartShouldSetResponder={[Function]}
                style={
                  Object {
                    "alignItems": "center",
                    "borderColor": "white",
                    "borderRadius": 40,
                    "borderWidth": 5,
                    "height": 466.9,
                    "justifyContent": "center",
                    "marginBottom": 20.009999999999998,
                    "opacity": 1,
                    "width": 397.5,
                  }
                }
              >
                <View
                  appearance="default"
                  level="1"
                  style={
                    Array [
                      Object {
                        "backgroundColor": "#FFFFFF",
                      },
                      Object {
                        "alignItems": "center",
                        "borderColor": "white",
                        "borderRadius": 40,
                        "borderWidth": 5,
                        "height": 466.9,
                        "justifyContent": "center",
                        "marginBottom": 20.009999999999998,
                        "width": 397.5,
                      },
                    ]
                  }
                >
                  <View
                    accessibilityIgnoresInvertColors={true}
                    style={
                      Object {
                        "alignItems": "center",
                        "alignSelf": "stretch",
                        "borderRadius": 75,
                        "flex": 1,
                        "justifyContent": "flex-end",
                        "opacity": 0.9,
                        "overflow": "hidden",
                        "resizeMode": "cover",
                      }
                    }
                  >
                    <Image
                      source={1}
                      style={
                        Array [
                          Object {
                            "bottom": 0,
                            "left": 0,
                            "position": "absolute",
                            "right": 0,
                            "top": 0,
                          },
                          Object {
                            "height": undefined,
                            "width": undefined,
                          },
                          undefined,
                        ]
                      }
                    />
                    <Text
                      appearance="default"
                      category="p1"
                      style={
                        Array [
                          Object {
                            "color": "#222B45",
                            "fontFamily": "System",
                            "fontSize": 15,
                            "fontWeight": "400",
                          },
                          Object {
                            "color": "white",
                            "fontSize": 30,
                            "fontWeight": "bold",
                          },
                        ]
                      }
                    >
                      Workout 3
                    </Text>
                  </View>
                </View>
              </View>
            </View>
          </View>
        </RCTScrollView>
      </View>
      <View
        appearance="default"
        level="1"
        style={
          Array [
            Object {
              "backgroundColor": "#FFFFFF",
            },
            Object {
              "alignItems": "center",
              "alignSelf": "stretch",
              "backgroundColor": "#013A73",
              "borderTopEndRadius": 30,
              "borderTopStartRadius": 30,
              "flex": 1,
              "marginHorizontal": -15,
              "marginTop": 133.4,
            },
          ]
        }
      >
        <Text
          appearance="default"
          category="p1"
          style={
            Array [
              Object {
                "color": "#222B45",
                "fontFamily": "System",
                "fontSize": 15,
                "fontWeight": "400",
              },
              Object {
                "color": "white",
                "fontSize": 30,
                "fontWeight": "bold",
              },
            ]
          }
        >
          Past Workouts
        </Text>
        <RCTScrollView
          data={
            Array [
              Object {
                "key": "
Legz4Dayz",
                "name": "Workout 1",
              },
              Object {
                "key": "
Chest Day",
                "name": "Workout 2",
              },
              Object {
                "key": "
Bulk",
                "name": "Workout 3",
              },
              Object {
                "key": "
Cut",
                "name": "Workout 4",
              },
              Object {
                "key": "
Superset",
                "name": "Workout 5",
              },
              Object {
                "key": "
HIIT",
                "name": "Workout 6",
              },
              Object {
                "key": "
Core 24/7",
                "name": "Workout 7",
              },
              Object {
                "key": "
Cardio",
                "name": "Workout 8",
              },
            ]
          }
          disableVirtualization={false}
          getItem={[Function]}
          getItemCount={[Function]}
          horizontal={false}
          initialNumToRender={10}
          keyExtractor={[Function]}
          maxToRenderPerBatch={10}
          onContentSizeChange={[Function]}
          onEndReachedThreshold={2}
          onLayout={[Function]}
          onMomentumScrollEnd={[Function]}
          onScroll={[Function]}
          onScrollBeginDrag={[Function]}
          onScrollEndDrag={[Function]}
          removeClippedSubviews={false}
          renderItem={[Function]}
          scrollEventThrottle={50}
          stickyHeaderIndices={Array []}
          updateCellsBatchingPeriod={50}
          viewabilityConfigCallbackPairs={Array []}
          windowSize={21}
        >
          <View>
            <View
              onLayout={[Function]}
              style={null}
            >
              <Text
                appearance="default"
                category="p1"
                style={
                  Array [
                    Object {
                      "color": "#222B45",
                      "fontFamily": "System",
                      "fontSize": 15,
                      "fontWeight": "400",
                    },
                    Object {
                      "alignSelf": "center",
                      "backgroundColor": "white",
                      "borderColor": "black",
                      "borderRadius": 40,
                      "borderWidth": 2,
                      "fontSize": 24,
                      "paddingHorizontal": 135,
                      "paddingVertical": 40.019999999999996,
                    },
                  ]
                }
              >
                Workout 1
                : 
                
Legz4Dayz
              </Text>
            </View>
            <View
              onLayout={[Function]}
              style={null}
            >
              <Text
                appearance="default"
                category="p1"
                style={
                  Array [
                    Object {
                      "color": "#222B45",
                      "fontFamily": "System",
                      "fontSize": 15,
                      "fontWeight": "400",
                    },
                    Object {
                      "alignSelf": "center",
                      "backgroundColor": "white",
                      "borderColor": "black",
                      "borderRadius": 40,
                      "borderWidth": 2,
                      "fontSize": 24,
                      "paddingHorizontal": 135,
                      "paddingVertical": 40.019999999999996,
                    },
                  ]
                }
              >
                Workout 2
                : 
                
Chest Day
              </Text>
            </View>
            <View
              onLayout={[Function]}
              style={null}
            >
              <Text
                appearance="default"
                category="p1"
                style={
                  Array [
                    Object {
                      "color": "#222B45",
                      "fontFamily": "System",
                      "fontSize": 15,
                      "fontWeight": "400",
                    },
                    Object {
                      "alignSelf": "center",
                      "backgroundColor": "white",
                      "borderColor": "black",
                      "borderRadius": 40,
                      "borderWidth": 2,
                      "fontSize": 24,
                      "paddingHorizontal": 135,
                      "paddingVertical": 40.019999999999996,
                    },
                  ]
                }
              >
                Workout 3
                : 
                
Bulk
              </Text>
            </View>
            <View
              onLayout={[Function]}
              style={null}
            >
              <Text
                appearance="default"
                category="p1"
                style={
                  Array [
                    Object {
                      "color": "#222B45",
                      "fontFamily": "System",
                      "fontSize": 15,
                      "fontWeight": "400",
                    },
                    Object {
                      "alignSelf": "center",
                      "backgroundColor": "white",
                      "borderColor": "black",
                      "borderRadius": 40,
                      "borderWidth": 2,
                      "fontSize": 24,
                      "paddingHorizontal": 135,
                      "paddingVertical": 40.019999999999996,
                    },
                  ]
                }
              >
                Workout 4
                : 
                
Cut
              </Text>
            </View>
            <View
              onLayout={[Function]}
              style={null}
            >
              <Text
                appearance="default"
                category="p1"
                style={
                  Array [
                    Object {
                      "color": "#222B45",
                      "fontFamily": "System",
                      "fontSize": 15,
                      "fontWeight": "400",
                    },
                    Object {
                      "alignSelf": "center",
                      "backgroundColor": "white",
                      "borderColor": "black",
                      "borderRadius": 40,
                      "borderWidth": 2,
                      "fontSize": 24,
                      "paddingHorizontal": 135,
                      "paddingVertical": 40.019999999999996,
                    },
                  ]
                }
              >
                Workout 5
                : 
                
Superset
              </Text>
            </View>
            <View
              onLayout={[Function]}
              style={null}
            >
              <Text
                appearance="default"
                category="p1"
                style={
                  Array [
                    Object {
                      "color": "#222B45",
                      "fontFamily": "System",
                      "fontSize": 15,
                      "fontWeight": "400",
                    },
                    Object {
                      "alignSelf": "center",
                      "backgroundColor": "white",
                      "borderColor": "black",
                      "borderRadius": 40,
                      "borderWidth": 2,
                      "fontSize": 24,
                      "paddingHorizontal": 135,
                      "paddingVertical": 40.019999999999996,
                    },
                  ]
                }
              >
                Workout 6
                : 
                
HIIT
              </Text>
            </View>
            <View
              onLayout={[Function]}
              style={null}
            >
              <Text
                appearance="default"
                category="p1"
                style={
                  Array [
                    Object {
                      "color": "#222B45",
                      "fontFamily": "System",
                      "fontSize": 15,
                      "fontWeight": "400",
                    },
                    Object {
                      "alignSelf": "center",
                      "backgroundColor": "white",
                      "borderColor": "black",
                      "borderRadius": 40,
                      "borderWidth": 2,
                      "fontSize": 24,
                      "paddingHorizontal": 135,
                      "paddingVertical": 40.019999999999996,
                    },
                  ]
                }
              >
                Workout 7
                : 
                
Core 24/7
              </Text>
            </View>
            <View
              onLayout={[Function]}
              style={null}
            >
              <Text
                appearance="default"
                category="p1"
                style={
                  Array [
                    Object {
                      "color": "#222B45",
                      "fontFamily": "System",
                      "fontSize": 15,
                      "fontWeight": "400",
                    },
                    Object {
                      "alignSelf": "center",
                      "backgroundColor": "white",
                      "borderColor": "black",
                      "borderRadius": 40,
                      "borderWidth": 2,
                      "fontSize": 24,
                      "paddingHorizontal": 135,
                      "paddingVertical": 40.019999999999996,
                    },
                  ]
                }
              >
                Workout 8
                : 
                
Cardio
              </Text>
            </View>
          </View>
        </RCTScrollView>
      </View>
    </View>
  </View>
</View>
`;
